---
http_interactions:
- request:
    method: post
    uri: http://localhost:3000/locomotive/api/v3/tokens.json
    body:
      encoding: UTF-8
      string: email=admin%40locomotivecms.com&password=locomotive
    headers:
      Accept:
      - application/json
      Content-Type:
      - application/x-www-form-urlencoded
      Accept-Encoding:
      - gzip;q=1.0,deflate;q=0.6,identity;q=0.3
      User-Agent:
      - Ruby
  response:
    status:
      code: 201
      message: Created
    headers:
      Content-Type:
      - application/json
      Etag:
      - W/"157eb61d395f237526d11950bbc5a1fa"
      Cache-Control:
      - max-age=0, private, must-revalidate
      X-Request-Id:
      - a1d5bbf0-cf2d-4279-8465-e4847553f155
      X-Runtime:
      - '0.064629'
      Content-Length:
      - '32'
    body:
      encoding: UTF-8
      string: '{"token":"v6XDp282UyPDeM6DgA-S"}'
    http_version: 
  recorded_at: Wed, 29 Jul 2015 15:36:35 GMT
- request:
    method: get
    uri: http://localhost:3000/locomotive/api/v3/my_account.json?auth_token=v6XDp282UyPDeM6DgA-S
    body:
      encoding: US-ASCII
      string: ''
    headers:
      Accept:
      - application/json
      X-Locomotive-Account-Email:
      - admin@locomotivecms.com
      X-Locomotive-Account-Token:
      - v6XDp282UyPDeM6DgA-S
      Accept-Encoding:
      - gzip;q=1.0,deflate;q=0.6,identity;q=0.3
      User-Agent:
      - Ruby
  response:
    status:
      code: 200
      message: OK
    headers:
      Content-Type:
      - application/json
      Etag:
      - W/"90a3d77a13c34daf43fc0149ef56eeec"
      Cache-Control:
      - max-age=0, private, must-revalidate
      X-Request-Id:
      - 30646b0b-7d2a-4a5c-885c-2869a8b529de
      X-Runtime:
      - '0.014990'
      Content-Length:
      - '264'
    body:
      encoding: UTF-8
      string: '{"_id":"55b8f2ea4469646440000000","created_at":"2015-07-29T15:36:10Z","updated_at":"2015-07-29T15:36:34Z","name":"John
        Doe","email":"admin@locomotivecms.com","locale":"en","api_key":"d49cd50f6f0d2b163f48fc73cb249f0244c37074","super_admin":false,"local_admin":true}'
    http_version: 
  recorded_at: Wed, 29 Jul 2015 15:36:35 GMT
- request:
    method: post
    uri: http://www.example.com:3000/locomotive/api/v3/tokens.json
    body:
      encoding: UTF-8
      string: email=admin%40locomotivecms.com&password=locomotive
    headers:
      Accept:
      - application/json
      Content-Type:
      - application/x-www-form-urlencoded
      Accept-Encoding:
      - gzip;q=1.0,deflate;q=0.6,identity;q=0.3
      User-Agent:
      - Ruby
  response:
    status:
      code: 201
      message: Created
    headers:
      Content-Type:
      - application/json
      Etag:
      - W/"157eb61d395f237526d11950bbc5a1fa"
      Cache-Control:
      - max-age=0, private, must-revalidate
      X-Request-Id:
      - 5bcb10fc-5799-4d7e-9392-c806b83d94bc
      X-Runtime:
      - '0.016948'
      Content-Length:
      - '32'
    body:
      encoding: UTF-8
      string: '{"token":"v6XDp282UyPDeM6DgA-S"}'
    http_version: 
  recorded_at: Wed, 29 Jul 2015 15:36:35 GMT
- request:
    method: get
    uri: http://www.example.com:3000/locomotive/api/v3/sites.json?auth_token=v6XDp282UyPDeM6DgA-S
    body:
      encoding: US-ASCII
      string: ''
    headers:
      Accept:
      - application/json
      X-Locomotive-Account-Email:
      - admin@locomotivecms.com
      X-Locomotive-Account-Token:
      - v6XDp282UyPDeM6DgA-S
      Accept-Encoding:
      - gzip;q=1.0,deflate;q=0.6,identity;q=0.3
      User-Agent:
      - Ruby
  response:
    status:
      code: 200
      message: OK
    headers:
      Content-Type:
      - application/json
      Etag:
      - W/"6eeec342423fe5777a3bdb54452c56c3"
      Cache-Control:
      - max-age=0, private, must-revalidate
      X-Request-Id:
      - 8f7f14e1-6e80-4170-aadf-81aced4a58c6
      X-Runtime:
      - '0.022445'
      Content-Length:
      - '1120'
    body:
      encoding: UTF-8
      string: '[{"_id":"55b8f2ea4469646440000002","created_at":"2015-07-29T15:36:10Z","updated_at":"2015-07-29T15:36:10Z","name":"LocomotiveCMS","handle":"www","seo_title":null,"meta_keywords":null,"meta_description":null,"robots_txt":null,"locales":["en"],"domains":["www.example.com"],"memberships":[{"_id":"55b8f2ea4469646440000005","created_at":null,"updated_at":null,"role":"admin","account_id":"55b8f2ea4469646440000000","name":"John
        Doe","role_name":"Administrator","email":"admin@locomotivecms.com"}],"timezone":"UTC","picture_url":null,"picture_thumbnail_url":null},{"_id":"55b8f2ea4469646440000006","created_at":"2015-07-29T15:36:10Z","updated_at":"2015-07-29T15:36:34Z","name":"John
        Doe","handle":"sample","seo_title":null,"meta_keywords":null,"meta_description":null,"robots_txt":null,"locales":["en"],"domains":["sample.example.com"],"memberships":[{"_id":"55b8f2ea4469646440000009","created_at":null,"updated_at":null,"role":"admin","account_id":"55b8f2ea4469646440000000","name":"John
        Doe","role_name":"Administrator","email":"admin@locomotivecms.com"}],"timezone":"UTC","picture_url":null,"picture_thumbnail_url":null}]'
    http_version: 
  recorded_at: Wed, 29 Jul 2015 15:36:35 GMT
- request:
    method: get
    uri: http://localhost:3000/locomotive/api/v3/sites.json?auth_token=v6XDp282UyPDeM6DgA-S
    body:
      encoding: US-ASCII
      string: ''
    headers:
      Accept:
      - application/json
      X-Locomotive-Account-Email:
      - admin@locomotivecms.com
      X-Locomotive-Account-Token:
      - v6XDp282UyPDeM6DgA-S
      Accept-Encoding:
      - gzip;q=1.0,deflate;q=0.6,identity;q=0.3
      User-Agent:
      - Ruby
  response:
    status:
      code: 200
      message: OK
    headers:
      Content-Type:
      - application/json
      Etag:
      - W/"6eeec342423fe5777a3bdb54452c56c3"
      Cache-Control:
      - max-age=0, private, must-revalidate
      X-Request-Id:
      - e22616cf-3631-477d-96ba-081a56beb562
      X-Runtime:
      - '0.024625'
      Content-Length:
      - '1120'
    body:
      encoding: UTF-8
      string: '[{"_id":"55b8f2ea4469646440000002","created_at":"2015-07-29T15:36:10Z","updated_at":"2015-07-29T15:36:10Z","name":"LocomotiveCMS","handle":"www","seo_title":null,"meta_keywords":null,"meta_description":null,"robots_txt":null,"locales":["en"],"domains":["www.example.com"],"memberships":[{"_id":"55b8f2ea4469646440000005","created_at":null,"updated_at":null,"role":"admin","account_id":"55b8f2ea4469646440000000","name":"John
        Doe","role_name":"Administrator","email":"admin@locomotivecms.com"}],"timezone":"UTC","picture_url":null,"picture_thumbnail_url":null},{"_id":"55b8f2ea4469646440000006","created_at":"2015-07-29T15:36:10Z","updated_at":"2015-07-29T15:36:34Z","name":"John
        Doe","handle":"sample","seo_title":null,"meta_keywords":null,"meta_description":null,"robots_txt":null,"locales":["en"],"domains":["sample.example.com"],"memberships":[{"_id":"55b8f2ea4469646440000009","created_at":null,"updated_at":null,"role":"admin","account_id":"55b8f2ea4469646440000000","name":"John
        Doe","role_name":"Administrator","email":"admin@locomotivecms.com"}],"timezone":"UTC","picture_url":null,"picture_thumbnail_url":null}]'
    http_version: 
  recorded_at: Wed, 29 Jul 2015 15:36:35 GMT
- request:
    method: get
    uri: http://localhost:3000/locomotive/api/v3/translations.json?auth_token=v6XDp282UyPDeM6DgA-S
    body:
      encoding: US-ASCII
      string: ''
    headers:
      Accept:
      - application/json
      X-Locomotive-Account-Email:
      - admin@locomotivecms.com
      X-Locomotive-Account-Token:
      - v6XDp282UyPDeM6DgA-S
      X-Locomotive-Site-Handle:
      - sample
      Accept-Encoding:
      - gzip;q=1.0,deflate;q=0.6,identity;q=0.3
      User-Agent:
      - Ruby
  response:
    status:
      code: 200
      message: OK
    headers:
      Content-Type:
      - application/json
      Etag:
      - W/"d751713988987e9331980363e24189ce"
      Cache-Control:
      - max-age=0, private, must-revalidate
      X-Request-Id:
      - 4386dc93-d584-446b-9dcc-52915c532d6a
      X-Runtime:
      - '0.021975'
      Content-Length:
      - '2'
    body:
      encoding: UTF-8
      string: "[]"
    http_version: 
  recorded_at: Wed, 29 Jul 2015 15:36:35 GMT
- request:
    method: get
    uri: http://localhost:3000/locomotive/api/v3/snippets.json?auth_token=v6XDp282UyPDeM6DgA-S
    body:
      encoding: US-ASCII
      string: ''
    headers:
      Accept:
      - application/json
      X-Locomotive-Account-Email:
      - admin@locomotivecms.com
      X-Locomotive-Account-Token:
      - v6XDp282UyPDeM6DgA-S
      X-Locomotive-Site-Handle:
      - sample
      X-Locomotive-Locale:
      - ''
      Accept-Encoding:
      - gzip;q=1.0,deflate;q=0.6,identity;q=0.3
      User-Agent:
      - Ruby
  response:
    status:
      code: 200
      message: OK
    headers:
      Content-Type:
      - application/json
      Etag:
      - W/"d751713988987e9331980363e24189ce"
      Cache-Control:
      - max-age=0, private, must-revalidate
      X-Request-Id:
      - 02321481-b45a-47bc-a5e4-0606ff6f0981
      X-Runtime:
      - '0.021469'
      Content-Length:
      - '2'
    body:
      encoding: UTF-8
      string: "[]"
    http_version: 
  recorded_at: Wed, 29 Jul 2015 15:36:35 GMT
- request:
    method: get
    uri: http://localhost:3000/locomotive/api/v3/theme_assets.json?auth_token=v6XDp282UyPDeM6DgA-S
    body:
      encoding: US-ASCII
      string: ''
    headers:
      Accept:
      - application/json
      X-Locomotive-Account-Email:
      - admin@locomotivecms.com
      X-Locomotive-Account-Token:
      - v6XDp282UyPDeM6DgA-S
      X-Locomotive-Site-Handle:
      - sample
      Accept-Encoding:
      - gzip;q=1.0,deflate;q=0.6,identity;q=0.3
      User-Agent:
      - Ruby
  response:
    status:
      code: 200
      message: OK
    headers:
      Content-Type:
      - application/json
      Etag:
      - W/"d751713988987e9331980363e24189ce"
      Cache-Control:
      - max-age=0, private, must-revalidate
      X-Request-Id:
      - f1c44850-e6d1-4f80-88a7-e6dac3b650cc
      X-Runtime:
      - '0.021556'
      Content-Length:
      - '2'
    body:
      encoding: UTF-8
      string: "[]"
    http_version: 
  recorded_at: Wed, 29 Jul 2015 15:36:35 GMT
- request:
    method: get
    uri: http://localhost:3000/locomotive/api/v3/version.json?auth_token=v6XDp282UyPDeM6DgA-S&email=admin@locomotivecms.com&handle=&password=locomotive&token=v6XDp282UyPDeM6DgA-S
    body:
      encoding: US-ASCII
      string: ''
    headers:
      Accept:
      - application/json
      X-Locomotive-Account-Email:
      - admin@locomotivecms.com
      X-Locomotive-Account-Token:
      - v6XDp282UyPDeM6DgA-S
      Accept-Encoding:
      - gzip;q=1.0,deflate;q=0.6,identity;q=0.3
      User-Agent:
      - Ruby
  response:
    status:
      code: 200
      message: OK
    headers:
      Content-Type:
      - application/json
      Etag:
      - W/"4f482497f0c1e5f67e0c6bc908159a8b"
      Cache-Control:
      - max-age=0, private, must-revalidate
      X-Request-Id:
      - d42b7453-1375-451b-b24e-c4bbc53f5241
      X-Runtime:
      - '0.012935'
      Content-Length:
      - '26'
    body:
      encoding: UTF-8
      string: '{"engine":"3.0.0-alpha.3"}'
    http_version: 
  recorded_at: Wed, 29 Jul 2015 15:36:35 GMT
recorded_with: VCR 2.9.3
