---
http_interactions:
- request:
    method: post
    uri: http://localhost:3000/locomotive/api/v3/tokens.json?email=admin@locomotivecms.com&password=locomotive
    body:
      encoding: UTF-8
      string: ''
    headers:
      Accept:
      - application/json
      Content-Length:
      - '0'
      Accept-Encoding:
      - gzip;q=1.0,deflate;q=0.6,identity;q=0.3
      User-Agent:
      - Ruby
  response:
    status:
      code: 201
      message: Created
    headers:
      Content-Type:
      - application/json
      Content-Length:
      - '32'
      Etag:
      - W/"0c5413ce9837a95d70117a98ca07577c"
      Cache-Control:
      - max-age=0, private, must-revalidate
      X-Request-Id:
      - ad1e7ef1-e030-4022-a879-62475e528c76
      X-Runtime:
      - '0.014495'
      Connection:
      - keep-alive
      Server:
      - thin
    body:
      encoding: UTF-8
      string: '{"token":"kixssNc-Wqz1KSomxJQB"}'
    http_version: 
  recorded_at: Fri, 17 Apr 2015 12:44:23 GMT
- request:
    method: get
    uri: http://localhost:3000/locomotive/sample/api/v3/translations.json?auth_token=kixssNc-Wqz1KSomxJQB
    body:
      encoding: US-ASCII
      string: ''
    headers:
      Accept:
      - application/json
      X-Locomotive-Account-Email:
      - admin@locomotivecms.com
      X-Locomotive-Account-Token:
      - kixssNc-Wqz1KSomxJQB
      Accept-Encoding:
      - gzip;q=1.0,deflate;q=0.6,identity;q=0.3
      User-Agent:
      - Ruby
  response:
    status:
      code: 200
      message: OK
    headers:
      Content-Type:
      - application/json
      Content-Length:
      - '2'
      Etag:
      - W/"d751713988987e9331980363e24189ce"
      Cache-Control:
      - max-age=0, private, must-revalidate
      X-Request-Id:
      - 43bd2e24-45f9-4bd2-a25f-826e2d0882c1
      X-Runtime:
      - '0.049778'
      Connection:
      - keep-alive
      Server:
      - thin
    body:
      encoding: UTF-8
      string: "[]"
    http_version: 
  recorded_at: Fri, 17 Apr 2015 12:44:23 GMT
- request:
    method: post
    uri: http://localhost:3000/locomotive/sample/api/v3/translations.json?auth_token=kixssNc-Wqz1KSomxJQB&translation%5Bkey%5D=hello&translation%5Bvalues%5D%5Ben%5D=Hello%20world&translation%5Bvalues%5D%5Bfr%5D=Bonjour%20le%20monde
    body:
      encoding: UTF-8
      string: ''
    headers:
      Accept:
      - application/json
      X-Locomotive-Account-Email:
      - admin@locomotivecms.com
      X-Locomotive-Account-Token:
      - kixssNc-Wqz1KSomxJQB
      Content-Length:
      - '0'
      Accept-Encoding:
      - gzip;q=1.0,deflate;q=0.6,identity;q=0.3
      User-Agent:
      - Ruby
  response:
    status:
      code: 201
      message: Created
    headers:
      Content-Type:
      - application/json
      Content-Length:
      - '174'
      Etag:
      - W/"9b4e0e2cc68e97bb8a769ca1c53aa2f1"
      Cache-Control:
      - max-age=0, private, must-revalidate
      X-Request-Id:
      - 05c05f6a-6253-43a8-9c0f-d96f7635994f
      X-Runtime:
      - '0.065544'
      Connection:
      - keep-alive
      Server:
      - thin
    body:
      encoding: UTF-8
      string: '{"_id":"55310028646964a80a030000","created_at":"2015-04-17T12:44:24Z","updated_at":"2015-04-17T12:44:24Z","key":"hello","values":{"en":"Hello
        world","fr":"Bonjour le monde"}}'
    http_version: 
  recorded_at: Fri, 17 Apr 2015 12:44:24 GMT
- request:
    method: put
    uri: http://localhost:3000/locomotive/sample/api/v3/translations/55310028646964a80a030000.json?auth_token=kixssNc-Wqz1KSomxJQB&translation%5Bvalues%5D%5Ben%5D=Hello%20world!&translation%5Bvalues%5D%5Bfr%5D=Bonjour%20le%20monde!
    body:
      encoding: UTF-8
      string: ''
    headers:
      Accept:
      - application/json
      X-Locomotive-Account-Email:
      - admin@locomotivecms.com
      X-Locomotive-Account-Token:
      - kixssNc-Wqz1KSomxJQB
      Content-Length:
      - '0'
      Accept-Encoding:
      - gzip;q=1.0,deflate;q=0.6,identity;q=0.3
      User-Agent:
      - Ruby
  response:
    status:
      code: 200
      message: OK
    headers:
      Content-Type:
      - application/json
      Content-Length:
      - '176'
      Etag:
      - W/"a956ee49700c00f0e1445d54197b2af1"
      Cache-Control:
      - max-age=0, private, must-revalidate
      X-Request-Id:
      - 6c70895b-f697-4aa2-b84b-a79f849975a1
      X-Runtime:
      - '0.023205'
      Connection:
      - keep-alive
      Server:
      - thin
    body:
      encoding: UTF-8
      string: '{"_id":"55310028646964a80a030000","created_at":"2015-04-17T12:44:24Z","updated_at":"2015-04-17T12:44:24Z","key":"hello","values":{"en":"Hello
        world!","fr":"Bonjour le monde!"}}'
    http_version: 
  recorded_at: Fri, 17 Apr 2015 12:44:24 GMT
- request:
    method: delete
    uri: http://localhost:3000/locomotive/sample/api/v3/translations/55310028646964a80a030000.json?auth_token=kixssNc-Wqz1KSomxJQB
    body:
      encoding: US-ASCII
      string: ''
    headers:
      Accept:
      - application/json
      X-Locomotive-Account-Email:
      - admin@locomotivecms.com
      X-Locomotive-Account-Token:
      - kixssNc-Wqz1KSomxJQB
      Accept-Encoding:
      - gzip;q=1.0,deflate;q=0.6,identity;q=0.3
      User-Agent:
      - Ruby
  response:
    status:
      code: 200
      message: OK
    headers:
      Content-Type:
      - application/json
      Content-Length:
      - '176'
      Etag:
      - W/"a956ee49700c00f0e1445d54197b2af1"
      Cache-Control:
      - max-age=0, private, must-revalidate
      X-Request-Id:
      - 5f85edf6-05fd-4a90-92ba-ba61a7725eca
      X-Runtime:
      - '0.066727'
      Connection:
      - keep-alive
      Server:
      - thin
    body:
      encoding: UTF-8
      string: '{"_id":"55310028646964a80a030000","created_at":"2015-04-17T12:44:24Z","updated_at":"2015-04-17T12:44:24Z","key":"hello","values":{"en":"Hello
        world!","fr":"Bonjour le monde!"}}'
    http_version: 
  recorded_at: Fri, 17 Apr 2015 12:44:24 GMT
recorded_with: VCR 2.9.3
